DEBUG - 2025-08-21 04:56:01 --> Session: Class initialized using 'CodeIgniter\Session\Handlers\FileHandler' driver.
DEBUG - 2025-08-21 04:56:03 --> Session: Class initialized using 'CodeIgniter\Session\Handlers\FileHandler' driver.
DEBUG - 2025-08-21 04:56:03 --> Session: Class initialized using 'CodeIgniter\Session\Handlers\FileHandler' driver.
DEBUG - 2025-08-21 04:56:08 --> Session: Class initialized using 'CodeIgniter\Session\Handlers\FileHandler' driver.
DEBUG - 2025-08-21 05:03:45 --> Session: Class initialized using 'CodeIgniter\Session\Handlers\FileHandler' driver.
DEBUG - 2025-08-21 05:12:43 --> Session: Class initialized using 'CodeIgniter\Session\Handlers\FileHandler' driver.
DEBUG - 2025-08-21 05:13:34 --> Session: Class initialized using 'CodeIgniter\Session\Handlers\FileHandler' driver.
CRITICAL - 2025-08-21 05:13:37 --> CodeIgniter\HTTP\Exceptions\BadRequestException: The URI you submitted has disallowed characters: "(:num)"
[Method: GET, Route: emp_profile_view/%28:num%29]
in SYSTEMPATH\Router\Router.php on line 741.
 1 SYSTEMPATH\Router\Router.php(207): CodeIgniter\Router\Router->checkDisallowedChars('emp_profile_view/(:num)')
 2 SYSTEMPATH\CodeIgniter.php(832): CodeIgniter\Router\Router->handle('emp_profile_view/(:num)')
 3 SYSTEMPATH\CodeIgniter.php(455): CodeIgniter\CodeIgniter->tryToRouteIt(Object(CodeIgniter\Router\RouteCollection))
 4 SYSTEMPATH\CodeIgniter.php(354): CodeIgniter\CodeIgniter->handleRequest(null, Object(Config\Cache), false)
 5 SYSTEMPATH\Boot.php(334): CodeIgniter\CodeIgniter->run()
 6 SYSTEMPATH\Boot.php(67): CodeIgniter\Boot::runCodeIgniter(Object(CodeIgniter\CodeIgniter))
 7 FCPATH\index.php(59): CodeIgniter\Boot::bootWeb(Object(Config\Paths))
CRITICAL - 2025-08-21 05:13:54 --> CodeIgniter\HTTP\Exceptions\BadRequestException: The URI you submitted has disallowed characters: "(:num)"
[Method: GET, Route: emp_profile_view/%28:num%29]
in SYSTEMPATH\Router\Router.php on line 741.
 1 SYSTEMPATH\Router\Router.php(207): CodeIgniter\Router\Router->checkDisallowedChars('emp_profile_view/(:num)')
 2 SYSTEMPATH\CodeIgniter.php(832): CodeIgniter\Router\Router->handle('emp_profile_view/(:num)')
 3 SYSTEMPATH\CodeIgniter.php(455): CodeIgniter\CodeIgniter->tryToRouteIt(Object(CodeIgniter\Router\RouteCollection))
 4 SYSTEMPATH\CodeIgniter.php(354): CodeIgniter\CodeIgniter->handleRequest(null, Object(Config\Cache), false)
 5 SYSTEMPATH\Boot.php(334): CodeIgniter\CodeIgniter->run()
 6 SYSTEMPATH\Boot.php(67): CodeIgniter\Boot::runCodeIgniter(Object(CodeIgniter\CodeIgniter))
 7 FCPATH\index.php(59): CodeIgniter\Boot::bootWeb(Object(Config\Paths))
DEBUG - 2025-08-21 05:13:58 --> Session: Class initialized using 'CodeIgniter\Session\Handlers\FileHandler' driver.
CRITICAL - 2025-08-21 05:14:01 --> CodeIgniter\HTTP\Exceptions\BadRequestException: The URI you submitted has disallowed characters: "($id)"
[Method: GET, Route: emp_profile_view/%28$id%29]
in SYSTEMPATH\Router\Router.php on line 741.
 1 SYSTEMPATH\Router\Router.php(207): CodeIgniter\Router\Router->checkDisallowedChars('emp_profile_view/($id)')
 2 SYSTEMPATH\CodeIgniter.php(832): CodeIgniter\Router\Router->handle('emp_profile_view/($id)')
 3 SYSTEMPATH\CodeIgniter.php(455): CodeIgniter\CodeIgniter->tryToRouteIt(Object(CodeIgniter\Router\RouteCollection))
 4 SYSTEMPATH\CodeIgniter.php(354): CodeIgniter\CodeIgniter->handleRequest(null, Object(Config\Cache), false)
 5 SYSTEMPATH\Boot.php(334): CodeIgniter\CodeIgniter->run()
 6 SYSTEMPATH\Boot.php(67): CodeIgniter\Boot::runCodeIgniter(Object(CodeIgniter\CodeIgniter))
 7 FCPATH\index.php(59): CodeIgniter\Boot::bootWeb(Object(Config\Paths))
DEBUG - 2025-08-21 05:20:42 --> Session: Class initialized using 'CodeIgniter\Session\Handlers\FileHandler' driver.
DEBUG - 2025-08-21 05:23:00 --> Session: Class initialized using 'CodeIgniter\Session\Handlers\FileHandler' driver.
DEBUG - 2025-08-21 05:23:07 --> Session: Class initialized using 'CodeIgniter\Session\Handlers\FileHandler' driver.
DEBUG - 2025-08-21 05:23:43 --> Session: Class initialized using 'CodeIgniter\Session\Handlers\FileHandler' driver.
DEBUG - 2025-08-21 05:23:58 --> Session: Class initialized using 'CodeIgniter\Session\Handlers\FileHandler' driver.
DEBUG - 2025-08-21 05:24:07 --> Session: Class initialized using 'CodeIgniter\Session\Handlers\FileHandler' driver.
DEBUG - 2025-08-21 05:24:24 --> Session: Class initialized using 'CodeIgniter\Session\Handlers\FileHandler' driver.
DEBUG - 2025-08-21 05:24:45 --> Session: Class initialized using 'CodeIgniter\Session\Handlers\FileHandler' driver.
DEBUG - 2025-08-21 05:24:57 --> Session: Class initialized using 'CodeIgniter\Session\Handlers\FileHandler' driver.
DEBUG - 2025-08-21 05:25:05 --> Session: Class initialized using 'CodeIgniter\Session\Handlers\FileHandler' driver.
DEBUG - 2025-08-21 05:25:29 --> Session: Class initialized using 'CodeIgniter\Session\Handlers\FileHandler' driver.
DEBUG - 2025-08-21 05:25:29 --> Session: Class initialized using 'CodeIgniter\Session\Handlers\FileHandler' driver.
CRITICAL - 2025-08-21 05:26:10 --> CodeIgniter\HTTP\Exceptions\BadRequestException: The URI you submitted has disallowed characters: "($id)"
[Method: GET, Route: emp_profile_view/%28$id%29]
in SYSTEMPATH\Router\Router.php on line 741.
 1 SYSTEMPATH\Router\Router.php(207): CodeIgniter\Router\Router->checkDisallowedChars('emp_profile_view/($id)')
 2 SYSTEMPATH\CodeIgniter.php(832): CodeIgniter\Router\Router->handle('emp_profile_view/($id)')
 3 SYSTEMPATH\CodeIgniter.php(455): CodeIgniter\CodeIgniter->tryToRouteIt(Object(CodeIgniter\Router\RouteCollection))
 4 SYSTEMPATH\CodeIgniter.php(354): CodeIgniter\CodeIgniter->handleRequest(null, Object(Config\Cache), false)
 5 SYSTEMPATH\Boot.php(334): CodeIgniter\CodeIgniter->run()
 6 SYSTEMPATH\Boot.php(67): CodeIgniter\Boot::runCodeIgniter(Object(CodeIgniter\CodeIgniter))
 7 FCPATH\index.php(59): CodeIgniter\Boot::bootWeb(Object(Config\Paths))
DEBUG - 2025-08-21 05:39:44 --> Session: Class initialized using 'CodeIgniter\Session\Handlers\FileHandler' driver.
DEBUG - 2025-08-21 05:40:29 --> Session: Class initialized using 'CodeIgniter\Session\Handlers\FileHandler' driver.
ERROR - 2025-08-21 05:40:31 --> ErrorException: pg_query(): Query failed: ERROR:  relation &quot;emergenchy_info&quot; does not exist
LINE 2: FROM &quot;emergenchy_info&quot;
             ^ in C:\xampp\htdocs\empmgmt\system\Database\Postgre\Connection.php:206
Stack trace:
#0 [internal function]: CodeIgniter\Debug\Exceptions->errorHandler(2, 'pg_query(): Que...', 'C:\\xampp\\htdocs...', 206)
#1 C:\xampp\htdocs\empmgmt\system\Database\Postgre\Connection.php(206): pg_query(Object(PgSql\Connection), 'SELECT *\nFROM "...')
#2 C:\xampp\htdocs\empmgmt\system\Database\BaseConnection.php(738): CodeIgniter\Database\Postgre\Connection->execute('SELECT *\nFROM "...')
#3 C:\xampp\htdocs\empmgmt\system\Database\BaseConnection.php(652): CodeIgniter\Database\BaseConnection->simpleQuery('SELECT *\nFROM "...')
#4 C:\xampp\htdocs\empmgmt\system\Database\BaseBuilder.php(1649): CodeIgniter\Database\BaseConnection->query('SELECT *\nFROM "...', Array, false)
#5 C:\xampp\htdocs\empmgmt\app\Models\PersonalModel.php(276): CodeIgniter\Database\BaseBuilder->get()
#6 C:\xampp\htdocs\empmgmt\app\Controllers\RmsController.php(533): App\Models\PersonalModel->getEmployeeDetails('142')
#7 C:\xampp\htdocs\empmgmt\system\CodeIgniter.php(933): App\Controllers\RmsController->emp_profile_view('142')
#8 C:\xampp\htdocs\empmgmt\system\CodeIgniter.php(507): CodeIgniter\CodeIgniter->runController(Object(App\Controllers\RmsController))
#9 C:\xampp\htdocs\empmgmt\system\CodeIgniter.php(354): CodeIgniter\CodeIgniter->handleRequest(NULL, Object(Config\Cache), false)
#10 C:\xampp\htdocs\empmgmt\system\Boot.php(334): CodeIgniter\CodeIgniter->run()
#11 C:\xampp\htdocs\empmgmt\system\Boot.php(67): CodeIgniter\Boot::runCodeIgniter(Object(CodeIgniter\CodeIgniter))
#12 C:\xampp\htdocs\empmgmt\index.php(59): CodeIgniter\Boot::bootWeb(Object(Config\Paths))
#13 {main}
CRITICAL - 2025-08-21 05:40:31 --> CodeIgniter\Database\Exceptions\DatabaseException: pg_query(): Query failed: ERROR:  relation &quot;emergenchy_info&quot; does not exist
LINE 2: FROM &quot;emergenchy_info&quot;
             ^
[Method: GET, Route: employee/profile/142]
in SYSTEMPATH\Database\BaseConnection.php on line 692.
 1 SYSTEMPATH\Database\BaseBuilder.php(1649): CodeIgniter\Database\BaseConnection->query('SELECT *
FROM "emergenchy_info"
WHERE "personal_info_id" = :personal_info_id:', [...], false)
 2 APPPATH\Models\PersonalModel.php(276): CodeIgniter\Database\BaseBuilder->get()
 3 APPPATH\Controllers\RmsController.php(533): App\Models\PersonalModel->getEmployeeDetails('142')
 4 SYSTEMPATH\CodeIgniter.php(933): App\Controllers\RmsController->emp_profile_view('142')
 5 SYSTEMPATH\CodeIgniter.php(507): CodeIgniter\CodeIgniter->runController(Object(App\Controllers\RmsController))
 6 SYSTEMPATH\CodeIgniter.php(354): CodeIgniter\CodeIgniter->handleRequest(null, Object(Config\Cache), false)
 7 SYSTEMPATH\Boot.php(334): CodeIgniter\CodeIgniter->run()
 8 SYSTEMPATH\Boot.php(67): CodeIgniter\Boot::runCodeIgniter(Object(CodeIgniter\CodeIgniter))
 9 FCPATH\index.php(59): CodeIgniter\Boot::bootWeb(Object(Config\Paths))
CRITICAL - 2025-08-21 05:40:31 --> [Caused by] CodeIgniter\Database\Exceptions\DatabaseException: pg_query(): Query failed: ERROR:  relation &quot;emergenchy_info&quot; does not exist
LINE 2: FROM &quot;emergenchy_info&quot;
             ^
in SYSTEMPATH\Database\Postgre\Connection.php on line 211.
 1 SYSTEMPATH\Database\BaseConnection.php(738): CodeIgniter\Database\Postgre\Connection->execute('SELECT *
FROM "emergenchy_info"
WHERE "personal_info_id" = \'142\'')
 2 SYSTEMPATH\Database\BaseConnection.php(652): CodeIgniter\Database\BaseConnection->simpleQuery('SELECT *
FROM "emergenchy_info"
WHERE "personal_info_id" = \'142\'')
 3 SYSTEMPATH\Database\BaseBuilder.php(1649): CodeIgniter\Database\BaseConnection->query('SELECT *
FROM "emergenchy_info"
WHERE "personal_info_id" = :personal_info_id:', [...], false)
 4 APPPATH\Models\PersonalModel.php(276): CodeIgniter\Database\BaseBuilder->get()
 5 APPPATH\Controllers\RmsController.php(533): App\Models\PersonalModel->getEmployeeDetails('142')
 6 SYSTEMPATH\CodeIgniter.php(933): App\Controllers\RmsController->emp_profile_view('142')
 7 SYSTEMPATH\CodeIgniter.php(507): CodeIgniter\CodeIgniter->runController(Object(App\Controllers\RmsController))
 8 SYSTEMPATH\CodeIgniter.php(354): CodeIgniter\CodeIgniter->handleRequest(null, Object(Config\Cache), false)
 9 SYSTEMPATH\Boot.php(334): CodeIgniter\CodeIgniter->run()
10 SYSTEMPATH\Boot.php(67): CodeIgniter\Boot::runCodeIgniter(Object(CodeIgniter\CodeIgniter))
11 FCPATH\index.php(59): CodeIgniter\Boot::bootWeb(Object(Config\Paths))
CRITICAL - 2025-08-21 05:40:31 --> [Caused by] ErrorException: pg_query(): Query failed: ERROR:  relation &quot;emergenchy_info&quot; does not exist
LINE 2: FROM &quot;emergenchy_info&quot;
             ^
in SYSTEMPATH\Database\Postgre\Connection.php on line 206.
 1 [internal function]: CodeIgniter\Debug\Exceptions->errorHandler(2, 'pg_query(): Query failed: ERROR:  relation &quot;emergenchy_info&quot; does not exist
LINE 2: FROM &quot;emergenchy_info&quot;
             ^', 'C:\\xampp\\htdocs\\empmgmt\\system\\Database\\Postgre\\Connection.php', 206)
 2 SYSTEMPATH\Database\Postgre\Connection.php(206): pg_query(Object(PgSql\Connection), 'SELECT *
FROM "emergenchy_info"
WHERE "personal_info_id" = \'142\'')
 3 SYSTEMPATH\Database\BaseConnection.php(738): CodeIgniter\Database\Postgre\Connection->execute('SELECT *
FROM "emergenchy_info"
WHERE "personal_info_id" = \'142\'')
 4 SYSTEMPATH\Database\BaseConnection.php(652): CodeIgniter\Database\BaseConnection->simpleQuery('SELECT *
FROM "emergenchy_info"
WHERE "personal_info_id" = \'142\'')
 5 SYSTEMPATH\Database\BaseBuilder.php(1649): CodeIgniter\Database\BaseConnection->query('SELECT *
FROM "emergenchy_info"
WHERE "personal_info_id" = :personal_info_id:', [...], false)
 6 APPPATH\Models\PersonalModel.php(276): CodeIgniter\Database\BaseBuilder->get()
 7 APPPATH\Controllers\RmsController.php(533): App\Models\PersonalModel->getEmployeeDetails('142')
 8 SYSTEMPATH\CodeIgniter.php(933): App\Controllers\RmsController->emp_profile_view('142')
 9 SYSTEMPATH\CodeIgniter.php(507): CodeIgniter\CodeIgniter->runController(Object(App\Controllers\RmsController))
10 SYSTEMPATH\CodeIgniter.php(354): CodeIgniter\CodeIgniter->handleRequest(null, Object(Config\Cache), false)
11 SYSTEMPATH\Boot.php(334): CodeIgniter\CodeIgniter->run()
12 SYSTEMPATH\Boot.php(67): CodeIgniter\Boot::runCodeIgniter(Object(CodeIgniter\CodeIgniter))
13 FCPATH\index.php(59): CodeIgniter\Boot::bootWeb(Object(Config\Paths))
ERROR - 2025-08-21 05:41:09 --> ErrorException: pg_query(): Query failed: ERROR:  relation &quot;emergenchy_info&quot; does not exist
LINE 2: FROM &quot;emergenchy_info&quot;
             ^ in C:\xampp\htdocs\empmgmt\system\Database\Postgre\Connection.php:206
Stack trace:
#0 [internal function]: CodeIgniter\Debug\Exceptions->errorHandler(2, 'pg_query(): Que...', 'C:\\xampp\\htdocs...', 206)
#1 C:\xampp\htdocs\empmgmt\system\Database\Postgre\Connection.php(206): pg_query(Object(PgSql\Connection), 'SELECT *\nFROM "...')
#2 C:\xampp\htdocs\empmgmt\system\Database\BaseConnection.php(738): CodeIgniter\Database\Postgre\Connection->execute('SELECT *\nFROM "...')
#3 C:\xampp\htdocs\empmgmt\system\Database\BaseConnection.php(652): CodeIgniter\Database\BaseConnection->simpleQuery('SELECT *\nFROM "...')
#4 C:\xampp\htdocs\empmgmt\system\Database\BaseBuilder.php(1649): CodeIgniter\Database\BaseConnection->query('SELECT *\nFROM "...', Array, false)
#5 C:\xampp\htdocs\empmgmt\app\Models\PersonalModel.php(276): CodeIgniter\Database\BaseBuilder->get()
#6 C:\xampp\htdocs\empmgmt\app\Controllers\RmsController.php(533): App\Models\PersonalModel->getEmployeeDetails('142')
#7 C:\xampp\htdocs\empmgmt\system\CodeIgniter.php(933): App\Controllers\RmsController->emp_profile_view('142')
#8 C:\xampp\htdocs\empmgmt\system\CodeIgniter.php(507): CodeIgniter\CodeIgniter->runController(Object(App\Controllers\RmsController))
#9 C:\xampp\htdocs\empmgmt\system\CodeIgniter.php(354): CodeIgniter\CodeIgniter->handleRequest(NULL, Object(Config\Cache), false)
#10 C:\xampp\htdocs\empmgmt\system\Boot.php(334): CodeIgniter\CodeIgniter->run()
#11 C:\xampp\htdocs\empmgmt\system\Boot.php(67): CodeIgniter\Boot::runCodeIgniter(Object(CodeIgniter\CodeIgniter))
#12 C:\xampp\htdocs\empmgmt\index.php(59): CodeIgniter\Boot::bootWeb(Object(Config\Paths))
#13 {main}
CRITICAL - 2025-08-21 05:41:09 --> CodeIgniter\Database\Exceptions\DatabaseException: pg_query(): Query failed: ERROR:  relation &quot;emergenchy_info&quot; does not exist
LINE 2: FROM &quot;emergenchy_info&quot;
             ^
[Method: GET, Route: employee/profile/142]
in SYSTEMPATH\Database\BaseConnection.php on line 692.
 1 SYSTEMPATH\Database\BaseBuilder.php(1649): CodeIgniter\Database\BaseConnection->query('SELECT *
FROM "emergenchy_info"
WHERE "personal_info_id" = :personal_info_id:', [...], false)
 2 APPPATH\Models\PersonalModel.php(276): CodeIgniter\Database\BaseBuilder->get()
 3 APPPATH\Controllers\RmsController.php(533): App\Models\PersonalModel->getEmployeeDetails('142')
 4 SYSTEMPATH\CodeIgniter.php(933): App\Controllers\RmsController->emp_profile_view('142')
 5 SYSTEMPATH\CodeIgniter.php(507): CodeIgniter\CodeIgniter->runController(Object(App\Controllers\RmsController))
 6 SYSTEMPATH\CodeIgniter.php(354): CodeIgniter\CodeIgniter->handleRequest(null, Object(Config\Cache), false)
 7 SYSTEMPATH\Boot.php(334): CodeIgniter\CodeIgniter->run()
 8 SYSTEMPATH\Boot.php(67): CodeIgniter\Boot::runCodeIgniter(Object(CodeIgniter\CodeIgniter))
 9 FCPATH\index.php(59): CodeIgniter\Boot::bootWeb(Object(Config\Paths))
CRITICAL - 2025-08-21 05:41:09 --> [Caused by] CodeIgniter\Database\Exceptions\DatabaseException: pg_query(): Query failed: ERROR:  relation &quot;emergenchy_info&quot; does not exist
LINE 2: FROM &quot;emergenchy_info&quot;
             ^
in SYSTEMPATH\Database\Postgre\Connection.php on line 211.
 1 SYSTEMPATH\Database\BaseConnection.php(738): CodeIgniter\Database\Postgre\Connection->execute('SELECT *
FROM "emergenchy_info"
WHERE "personal_info_id" = \'142\'')
 2 SYSTEMPATH\Database\BaseConnection.php(652): CodeIgniter\Database\BaseConnection->simpleQuery('SELECT *
FROM "emergenchy_info"
WHERE "personal_info_id" = \'142\'')
 3 SYSTEMPATH\Database\BaseBuilder.php(1649): CodeIgniter\Database\BaseConnection->query('SELECT *
FROM "emergenchy_info"
WHERE "personal_info_id" = :personal_info_id:', [...], false)
 4 APPPATH\Models\PersonalModel.php(276): CodeIgniter\Database\BaseBuilder->get()
 5 APPPATH\Controllers\RmsController.php(533): App\Models\PersonalModel->getEmployeeDetails('142')
 6 SYSTEMPATH\CodeIgniter.php(933): App\Controllers\RmsController->emp_profile_view('142')
 7 SYSTEMPATH\CodeIgniter.php(507): CodeIgniter\CodeIgniter->runController(Object(App\Controllers\RmsController))
 8 SYSTEMPATH\CodeIgniter.php(354): CodeIgniter\CodeIgniter->handleRequest(null, Object(Config\Cache), false)
 9 SYSTEMPATH\Boot.php(334): CodeIgniter\CodeIgniter->run()
10 SYSTEMPATH\Boot.php(67): CodeIgniter\Boot::runCodeIgniter(Object(CodeIgniter\CodeIgniter))
11 FCPATH\index.php(59): CodeIgniter\Boot::bootWeb(Object(Config\Paths))
CRITICAL - 2025-08-21 05:41:09 --> [Caused by] ErrorException: pg_query(): Query failed: ERROR:  relation &quot;emergenchy_info&quot; does not exist
LINE 2: FROM &quot;emergenchy_info&quot;
             ^
in SYSTEMPATH\Database\Postgre\Connection.php on line 206.
 1 [internal function]: CodeIgniter\Debug\Exceptions->errorHandler(2, 'pg_query(): Query failed: ERROR:  relation &quot;emergenchy_info&quot; does not exist
LINE 2: FROM &quot;emergenchy_info&quot;
             ^', 'C:\\xampp\\htdocs\\empmgmt\\system\\Database\\Postgre\\Connection.php', 206)
 2 SYSTEMPATH\Database\Postgre\Connection.php(206): pg_query(Object(PgSql\Connection), 'SELECT *
FROM "emergenchy_info"
WHERE "personal_info_id" = \'142\'')
 3 SYSTEMPATH\Database\BaseConnection.php(738): CodeIgniter\Database\Postgre\Connection->execute('SELECT *
FROM "emergenchy_info"
WHERE "personal_info_id" = \'142\'')
 4 SYSTEMPATH\Database\BaseConnection.php(652): CodeIgniter\Database\BaseConnection->simpleQuery('SELECT *
FROM "emergenchy_info"
WHERE "personal_info_id" = \'142\'')
 5 SYSTEMPATH\Database\BaseBuilder.php(1649): CodeIgniter\Database\BaseConnection->query('SELECT *
FROM "emergenchy_info"
WHERE "personal_info_id" = :personal_info_id:', [...], false)
 6 APPPATH\Models\PersonalModel.php(276): CodeIgniter\Database\BaseBuilder->get()
 7 APPPATH\Controllers\RmsController.php(533): App\Models\PersonalModel->getEmployeeDetails('142')
 8 SYSTEMPATH\CodeIgniter.php(933): App\Controllers\RmsController->emp_profile_view('142')
 9 SYSTEMPATH\CodeIgniter.php(507): CodeIgniter\CodeIgniter->runController(Object(App\Controllers\RmsController))
10 SYSTEMPATH\CodeIgniter.php(354): CodeIgniter\CodeIgniter->handleRequest(null, Object(Config\Cache), false)
11 SYSTEMPATH\Boot.php(334): CodeIgniter\CodeIgniter->run()
12 SYSTEMPATH\Boot.php(67): CodeIgniter\Boot::runCodeIgniter(Object(CodeIgniter\CodeIgniter))
13 FCPATH\index.php(59): CodeIgniter\Boot::bootWeb(Object(Config\Paths))
ERROR - 2025-08-21 05:44:31 --> ErrorException: pg_query(): Query failed: ERROR:  relation &quot;uploade_info&quot; does not exist
LINE 2: FROM &quot;uploade_info&quot;
             ^ in C:\xampp\htdocs\empmgmt\system\Database\Postgre\Connection.php:206
Stack trace:
#0 [internal function]: CodeIgniter\Debug\Exceptions->errorHandler(2, 'pg_query(): Que...', 'C:\\xampp\\htdocs...', 206)
#1 C:\xampp\htdocs\empmgmt\system\Database\Postgre\Connection.php(206): pg_query(Object(PgSql\Connection), 'SELECT *\nFROM "...')
#2 C:\xampp\htdocs\empmgmt\system\Database\BaseConnection.php(738): CodeIgniter\Database\Postgre\Connection->execute('SELECT *\nFROM "...')
#3 C:\xampp\htdocs\empmgmt\system\Database\BaseConnection.php(652): CodeIgniter\Database\BaseConnection->simpleQuery('SELECT *\nFROM "...')
#4 C:\xampp\htdocs\empmgmt\system\Database\BaseBuilder.php(1649): CodeIgniter\Database\BaseConnection->query('SELECT *\nFROM "...', Array, false)
#5 C:\xampp\htdocs\empmgmt\app\Models\PersonalModel.php(279): CodeIgniter\Database\BaseBuilder->get()
#6 C:\xampp\htdocs\empmgmt\app\Controllers\RmsController.php(533): App\Models\PersonalModel->getEmployeeDetails('142')
#7 C:\xampp\htdocs\empmgmt\system\CodeIgniter.php(933): App\Controllers\RmsController->emp_profile_view('142')
#8 C:\xampp\htdocs\empmgmt\system\CodeIgniter.php(507): CodeIgniter\CodeIgniter->runController(Object(App\Controllers\RmsController))
#9 C:\xampp\htdocs\empmgmt\system\CodeIgniter.php(354): CodeIgniter\CodeIgniter->handleRequest(NULL, Object(Config\Cache), false)
#10 C:\xampp\htdocs\empmgmt\system\Boot.php(334): CodeIgniter\CodeIgniter->run()
#11 C:\xampp\htdocs\empmgmt\system\Boot.php(67): CodeIgniter\Boot::runCodeIgniter(Object(CodeIgniter\CodeIgniter))
#12 C:\xampp\htdocs\empmgmt\index.php(59): CodeIgniter\Boot::bootWeb(Object(Config\Paths))
#13 {main}
CRITICAL - 2025-08-21 05:44:31 --> CodeIgniter\Database\Exceptions\DatabaseException: pg_query(): Query failed: ERROR:  relation &quot;uploade_info&quot; does not exist
LINE 2: FROM &quot;uploade_info&quot;
             ^
[Method: GET, Route: employee/profile/142]
in SYSTEMPATH\Database\BaseConnection.php on line 692.
 1 SYSTEMPATH\Database\BaseBuilder.php(1649): CodeIgniter\Database\BaseConnection->query('SELECT *
FROM "uploade_info"
WHERE "personal_info_id" = :personal_info_id:', [...], false)
 2 APPPATH\Models\PersonalModel.php(279): CodeIgniter\Database\BaseBuilder->get()
 3 APPPATH\Controllers\RmsController.php(533): App\Models\PersonalModel->getEmployeeDetails('142')
 4 SYSTEMPATH\CodeIgniter.php(933): App\Controllers\RmsController->emp_profile_view('142')
 5 SYSTEMPATH\CodeIgniter.php(507): CodeIgniter\CodeIgniter->runController(Object(App\Controllers\RmsController))
 6 SYSTEMPATH\CodeIgniter.php(354): CodeIgniter\CodeIgniter->handleRequest(null, Object(Config\Cache), false)
 7 SYSTEMPATH\Boot.php(334): CodeIgniter\CodeIgniter->run()
 8 SYSTEMPATH\Boot.php(67): CodeIgniter\Boot::runCodeIgniter(Object(CodeIgniter\CodeIgniter))
 9 FCPATH\index.php(59): CodeIgniter\Boot::bootWeb(Object(Config\Paths))
CRITICAL - 2025-08-21 05:44:31 --> [Caused by] CodeIgniter\Database\Exceptions\DatabaseException: pg_query(): Query failed: ERROR:  relation &quot;uploade_info&quot; does not exist
LINE 2: FROM &quot;uploade_info&quot;
             ^
in SYSTEMPATH\Database\Postgre\Connection.php on line 211.
 1 SYSTEMPATH\Database\BaseConnection.php(738): CodeIgniter\Database\Postgre\Connection->execute('SELECT *
FROM "uploade_info"
WHERE "personal_info_id" = \'142\'')
 2 SYSTEMPATH\Database\BaseConnection.php(652): CodeIgniter\Database\BaseConnection->simpleQuery('SELECT *
FROM "uploade_info"
WHERE "personal_info_id" = \'142\'')
 3 SYSTEMPATH\Database\BaseBuilder.php(1649): CodeIgniter\Database\BaseConnection->query('SELECT *
FROM "uploade_info"
WHERE "personal_info_id" = :personal_info_id:', [...], false)
 4 APPPATH\Models\PersonalModel.php(279): CodeIgniter\Database\BaseBuilder->get()
 5 APPPATH\Controllers\RmsController.php(533): App\Models\PersonalModel->getEmployeeDetails('142')
 6 SYSTEMPATH\CodeIgniter.php(933): App\Controllers\RmsController->emp_profile_view('142')
 7 SYSTEMPATH\CodeIgniter.php(507): CodeIgniter\CodeIgniter->runController(Object(App\Controllers\RmsController))
 8 SYSTEMPATH\CodeIgniter.php(354): CodeIgniter\CodeIgniter->handleRequest(null, Object(Config\Cache), false)
 9 SYSTEMPATH\Boot.php(334): CodeIgniter\CodeIgniter->run()
10 SYSTEMPATH\Boot.php(67): CodeIgniter\Boot::runCodeIgniter(Object(CodeIgniter\CodeIgniter))
11 FCPATH\index.php(59): CodeIgniter\Boot::bootWeb(Object(Config\Paths))
CRITICAL - 2025-08-21 05:44:31 --> [Caused by] ErrorException: pg_query(): Query failed: ERROR:  relation &quot;uploade_info&quot; does not exist
LINE 2: FROM &quot;uploade_info&quot;
             ^
in SYSTEMPATH\Database\Postgre\Connection.php on line 206.
 1 [internal function]: CodeIgniter\Debug\Exceptions->errorHandler(2, 'pg_query(): Query failed: ERROR:  relation &quot;uploade_info&quot; does not exist
LINE 2: FROM &quot;uploade_info&quot;
             ^', 'C:\\xampp\\htdocs\\empmgmt\\system\\Database\\Postgre\\Connection.php', 206)
 2 SYSTEMPATH\Database\Postgre\Connection.php(206): pg_query(Object(PgSql\Connection), 'SELECT *
FROM "uploade_info"
WHERE "personal_info_id" = \'142\'')
 3 SYSTEMPATH\Database\BaseConnection.php(738): CodeIgniter\Database\Postgre\Connection->execute('SELECT *
FROM "uploade_info"
WHERE "personal_info_id" = \'142\'')
 4 SYSTEMPATH\Database\BaseConnection.php(652): CodeIgniter\Database\BaseConnection->simpleQuery('SELECT *
FROM "uploade_info"
WHERE "personal_info_id" = \'142\'')
 5 SYSTEMPATH\Database\BaseBuilder.php(1649): CodeIgniter\Database\BaseConnection->query('SELECT *
FROM "uploade_info"
WHERE "personal_info_id" = :personal_info_id:', [...], false)
 6 APPPATH\Models\PersonalModel.php(279): CodeIgniter\Database\BaseBuilder->get()
 7 APPPATH\Controllers\RmsController.php(533): App\Models\PersonalModel->getEmployeeDetails('142')
 8 SYSTEMPATH\CodeIgniter.php(933): App\Controllers\RmsController->emp_profile_view('142')
 9 SYSTEMPATH\CodeIgniter.php(507): CodeIgniter\CodeIgniter->runController(Object(App\Controllers\RmsController))
10 SYSTEMPATH\CodeIgniter.php(354): CodeIgniter\CodeIgniter->handleRequest(null, Object(Config\Cache), false)
11 SYSTEMPATH\Boot.php(334): CodeIgniter\CodeIgniter->run()
12 SYSTEMPATH\Boot.php(67): CodeIgniter\Boot::runCodeIgniter(Object(CodeIgniter\CodeIgniter))
13 FCPATH\index.php(59): CodeIgniter\Boot::bootWeb(Object(Config\Paths))
ERROR - 2025-08-21 05:44:32 --> ErrorException: pg_query(): Query failed: ERROR:  relation &quot;uploade_info&quot; does not exist
LINE 2: FROM &quot;uploade_info&quot;
             ^ in C:\xampp\htdocs\empmgmt\system\Database\Postgre\Connection.php:206
Stack trace:
#0 [internal function]: CodeIgniter\Debug\Exceptions->errorHandler(2, 'pg_query(): Que...', 'C:\\xampp\\htdocs...', 206)
#1 C:\xampp\htdocs\empmgmt\system\Database\Postgre\Connection.php(206): pg_query(Object(PgSql\Connection), 'SELECT *\nFROM "...')
#2 C:\xampp\htdocs\empmgmt\system\Database\BaseConnection.php(738): CodeIgniter\Database\Postgre\Connection->execute('SELECT *\nFROM "...')
#3 C:\xampp\htdocs\empmgmt\system\Database\BaseConnection.php(652): CodeIgniter\Database\BaseConnection->simpleQuery('SELECT *\nFROM "...')
#4 C:\xampp\htdocs\empmgmt\system\Database\BaseBuilder.php(1649): CodeIgniter\Database\BaseConnection->query('SELECT *\nFROM "...', Array, false)
#5 C:\xampp\htdocs\empmgmt\app\Models\PersonalModel.php(279): CodeIgniter\Database\BaseBuilder->get()
#6 C:\xampp\htdocs\empmgmt\app\Controllers\RmsController.php(533): App\Models\PersonalModel->getEmployeeDetails('142')
#7 C:\xampp\htdocs\empmgmt\system\CodeIgniter.php(933): App\Controllers\RmsController->emp_profile_view('142')
#8 C:\xampp\htdocs\empmgmt\system\CodeIgniter.php(507): CodeIgniter\CodeIgniter->runController(Object(App\Controllers\RmsController))
#9 C:\xampp\htdocs\empmgmt\system\CodeIgniter.php(354): CodeIgniter\CodeIgniter->handleRequest(NULL, Object(Config\Cache), false)
#10 C:\xampp\htdocs\empmgmt\system\Boot.php(334): CodeIgniter\CodeIgniter->run()
#11 C:\xampp\htdocs\empmgmt\system\Boot.php(67): CodeIgniter\Boot::runCodeIgniter(Object(CodeIgniter\CodeIgniter))
#12 C:\xampp\htdocs\empmgmt\index.php(59): CodeIgniter\Boot::bootWeb(Object(Config\Paths))
#13 {main}
CRITICAL - 2025-08-21 05:44:32 --> CodeIgniter\Database\Exceptions\DatabaseException: pg_query(): Query failed: ERROR:  relation &quot;uploade_info&quot; does not exist
LINE 2: FROM &quot;uploade_info&quot;
             ^
[Method: GET, Route: employee/profile/142]
in SYSTEMPATH\Database\BaseConnection.php on line 692.
 1 SYSTEMPATH\Database\BaseBuilder.php(1649): CodeIgniter\Database\BaseConnection->query('SELECT *
FROM "uploade_info"
WHERE "personal_info_id" = :personal_info_id:', [...], false)
 2 APPPATH\Models\PersonalModel.php(279): CodeIgniter\Database\BaseBuilder->get()
 3 APPPATH\Controllers\RmsController.php(533): App\Models\PersonalModel->getEmployeeDetails('142')
 4 SYSTEMPATH\CodeIgniter.php(933): App\Controllers\RmsController->emp_profile_view('142')
 5 SYSTEMPATH\CodeIgniter.php(507): CodeIgniter\CodeIgniter->runController(Object(App\Controllers\RmsController))
 6 SYSTEMPATH\CodeIgniter.php(354): CodeIgniter\CodeIgniter->handleRequest(null, Object(Config\Cache), false)
 7 SYSTEMPATH\Boot.php(334): CodeIgniter\CodeIgniter->run()
 8 SYSTEMPATH\Boot.php(67): CodeIgniter\Boot::runCodeIgniter(Object(CodeIgniter\CodeIgniter))
 9 FCPATH\index.php(59): CodeIgniter\Boot::bootWeb(Object(Config\Paths))
CRITICAL - 2025-08-21 05:44:32 --> [Caused by] CodeIgniter\Database\Exceptions\DatabaseException: pg_query(): Query failed: ERROR:  relation &quot;uploade_info&quot; does not exist
LINE 2: FROM &quot;uploade_info&quot;
             ^
in SYSTEMPATH\Database\Postgre\Connection.php on line 211.
 1 SYSTEMPATH\Database\BaseConnection.php(738): CodeIgniter\Database\Postgre\Connection->execute('SELECT *
FROM "uploade_info"
WHERE "personal_info_id" = \'142\'')
 2 SYSTEMPATH\Database\BaseConnection.php(652): CodeIgniter\Database\BaseConnection->simpleQuery('SELECT *
FROM "uploade_info"
WHERE "personal_info_id" = \'142\'')
 3 SYSTEMPATH\Database\BaseBuilder.php(1649): CodeIgniter\Database\BaseConnection->query('SELECT *
FROM "uploade_info"
WHERE "personal_info_id" = :personal_info_id:', [...], false)
 4 APPPATH\Models\PersonalModel.php(279): CodeIgniter\Database\BaseBuilder->get()
 5 APPPATH\Controllers\RmsController.php(533): App\Models\PersonalModel->getEmployeeDetails('142')
 6 SYSTEMPATH\CodeIgniter.php(933): App\Controllers\RmsController->emp_profile_view('142')
 7 SYSTEMPATH\CodeIgniter.php(507): CodeIgniter\CodeIgniter->runController(Object(App\Controllers\RmsController))
 8 SYSTEMPATH\CodeIgniter.php(354): CodeIgniter\CodeIgniter->handleRequest(null, Object(Config\Cache), false)
 9 SYSTEMPATH\Boot.php(334): CodeIgniter\CodeIgniter->run()
10 SYSTEMPATH\Boot.php(67): CodeIgniter\Boot::runCodeIgniter(Object(CodeIgniter\CodeIgniter))
11 FCPATH\index.php(59): CodeIgniter\Boot::bootWeb(Object(Config\Paths))
CRITICAL - 2025-08-21 05:44:32 --> [Caused by] ErrorException: pg_query(): Query failed: ERROR:  relation &quot;uploade_info&quot; does not exist
LINE 2: FROM &quot;uploade_info&quot;
             ^
in SYSTEMPATH\Database\Postgre\Connection.php on line 206.
 1 [internal function]: CodeIgniter\Debug\Exceptions->errorHandler(2, 'pg_query(): Query failed: ERROR:  relation &quot;uploade_info&quot; does not exist
LINE 2: FROM &quot;uploade_info&quot;
             ^', 'C:\\xampp\\htdocs\\empmgmt\\system\\Database\\Postgre\\Connection.php', 206)
 2 SYSTEMPATH\Database\Postgre\Connection.php(206): pg_query(Object(PgSql\Connection), 'SELECT *
FROM "uploade_info"
WHERE "personal_info_id" = \'142\'')
 3 SYSTEMPATH\Database\BaseConnection.php(738): CodeIgniter\Database\Postgre\Connection->execute('SELECT *
FROM "uploade_info"
WHERE "personal_info_id" = \'142\'')
 4 SYSTEMPATH\Database\BaseConnection.php(652): CodeIgniter\Database\BaseConnection->simpleQuery('SELECT *
FROM "uploade_info"
WHERE "personal_info_id" = \'142\'')
 5 SYSTEMPATH\Database\BaseBuilder.php(1649): CodeIgniter\Database\BaseConnection->query('SELECT *
FROM "uploade_info"
WHERE "personal_info_id" = :personal_info_id:', [...], false)
 6 APPPATH\Models\PersonalModel.php(279): CodeIgniter\Database\BaseBuilder->get()
 7 APPPATH\Controllers\RmsController.php(533): App\Models\PersonalModel->getEmployeeDetails('142')
 8 SYSTEMPATH\CodeIgniter.php(933): App\Controllers\RmsController->emp_profile_view('142')
 9 SYSTEMPATH\CodeIgniter.php(507): CodeIgniter\CodeIgniter->runController(Object(App\Controllers\RmsController))
10 SYSTEMPATH\CodeIgniter.php(354): CodeIgniter\CodeIgniter->handleRequest(null, Object(Config\Cache), false)
11 SYSTEMPATH\Boot.php(334): CodeIgniter\CodeIgniter->run()
12 SYSTEMPATH\Boot.php(67): CodeIgniter\Boot::runCodeIgniter(Object(CodeIgniter\CodeIgniter))
13 FCPATH\index.php(59): CodeIgniter\Boot::bootWeb(Object(Config\Paths))
CRITICAL - 2025-08-21 05:45:50 --> ErrorException: Undefined variable $title
[Method: GET, Route: employee/profile/142]
in APPPATH\Views\layouts\default.php on line 9.
 1 APPPATH\Views\layouts\default.php(9): CodeIgniter\Debug\Exceptions->errorHandler(2, 'Undefined variable $title', 'C:\\xampp\\htdocs\\empmgmt\\app\\Views\\layouts\\default.php', 9)
 2 SYSTEMPATH\View\View.php(224): include('C:\\xampp\\htdocs\\empmgmt\\app\\Views\\layouts\\default.php')
 3 SYSTEMPATH\View\View.php(227): CodeIgniter\View\View->CodeIgniter\View\{closure}()
 4 SYSTEMPATH\View\View.php(240): CodeIgniter\View\View->render('layouts/default', [], true)
 5 SYSTEMPATH\Common.php(1173): CodeIgniter\View\View->render('rms/rms_view_emp_profile', [], true)
 6 APPPATH\Controllers\RmsController.php(537): view('rms/rms_view_emp_profile', [...])
 7 SYSTEMPATH\CodeIgniter.php(933): App\Controllers\RmsController->emp_profile_view('142')
 8 SYSTEMPATH\CodeIgniter.php(507): CodeIgniter\CodeIgniter->runController(Object(App\Controllers\RmsController))
 9 SYSTEMPATH\CodeIgniter.php(354): CodeIgniter\CodeIgniter->handleRequest(null, Object(Config\Cache), false)
10 SYSTEMPATH\Boot.php(334): CodeIgniter\CodeIgniter->run()
11 SYSTEMPATH\Boot.php(67): CodeIgniter\Boot::runCodeIgniter(Object(CodeIgniter\CodeIgniter))
12 FCPATH\index.php(59): CodeIgniter\Boot::bootWeb(Object(Config\Paths))
CRITICAL - 2025-08-21 05:59:54 --> ErrorException: Undefined array key "first_name"
[Method: GET, Route: employee/profile/142]
in APPPATH\Views\rms\rms_view_emp_profile.php on line 106.
 1 APPPATH\Views\rms\rms_view_emp_profile.php(106): CodeIgniter\Debug\Exceptions->errorHandler(2, 'Undefined array key "first_name"', 'C:\\xampp\\htdocs\\empmgmt\\app\\Views\\rms\\rms_view_emp_profile.php', 106)
 2 SYSTEMPATH\View\View.php(224): include('C:\\xampp\\htdocs\\empmgmt\\app\\Views\\rms\\rms_view_emp_profile.php')
 3 SYSTEMPATH\View\View.php(227): CodeIgniter\View\View->CodeIgniter\View\{closure}()
 4 SYSTEMPATH\Common.php(1173): CodeIgniter\View\View->render('rms/rms_view_emp_profile', [], true)
 5 APPPATH\Controllers\RmsController.php(533): view('rms/rms_view_emp_profile', [...])
 6 SYSTEMPATH\CodeIgniter.php(933): App\Controllers\RmsController->emp_profile_view('142')
 7 SYSTEMPATH\CodeIgniter.php(507): CodeIgniter\CodeIgniter->runController(Object(App\Controllers\RmsController))
 8 SYSTEMPATH\CodeIgniter.php(354): CodeIgniter\CodeIgniter->handleRequest(null, Object(Config\Cache), false)
 9 SYSTEMPATH\Boot.php(334): CodeIgniter\CodeIgniter->run()
10 SYSTEMPATH\Boot.php(67): CodeIgniter\Boot::runCodeIgniter(Object(CodeIgniter\CodeIgniter))
11 FCPATH\index.php(59): CodeIgniter\Boot::bootWeb(Object(Config\Paths))
CRITICAL - 2025-08-21 06:01:43 --> ErrorException: Undefined array key "last_name"
[Method: GET, Route: employee/profile/142]
in APPPATH\Views\rms\rms_view_emp_profile.php on line 106.
 1 APPPATH\Views\rms\rms_view_emp_profile.php(106): CodeIgniter\Debug\Exceptions->errorHandler(2, 'Undefined array key "last_name"', 'C:\\xampp\\htdocs\\empmgmt\\app\\Views\\rms\\rms_view_emp_profile.php', 106)
 2 SYSTEMPATH\View\View.php(224): include('C:\\xampp\\htdocs\\empmgmt\\app\\Views\\rms\\rms_view_emp_profile.php')
 3 SYSTEMPATH\View\View.php(227): CodeIgniter\View\View->CodeIgniter\View\{closure}()
 4 SYSTEMPATH\Common.php(1173): CodeIgniter\View\View->render('rms/rms_view_emp_profile', [], true)
 5 APPPATH\Controllers\RmsController.php(533): view('rms/rms_view_emp_profile', [...])
 6 SYSTEMPATH\CodeIgniter.php(933): App\Controllers\RmsController->emp_profile_view('142')
 7 SYSTEMPATH\CodeIgniter.php(507): CodeIgniter\CodeIgniter->runController(Object(App\Controllers\RmsController))
 8 SYSTEMPATH\CodeIgniter.php(354): CodeIgniter\CodeIgniter->handleRequest(null, Object(Config\Cache), false)
 9 SYSTEMPATH\Boot.php(334): CodeIgniter\CodeIgniter->run()
10 SYSTEMPATH\Boot.php(67): CodeIgniter\Boot::runCodeIgniter(Object(CodeIgniter\CodeIgniter))
11 FCPATH\index.php(59): CodeIgniter\Boot::bootWeb(Object(Config\Paths))
CRITICAL - 2025-08-21 07:12:07 --> ErrorException: Undefined variable $title
[Method: GET, Route: employee/profile/142]
in APPPATH\Views\layouts\default.php on line 9.
 1 APPPATH\Views\layouts\default.php(9): CodeIgniter\Debug\Exceptions->errorHandler(2, 'Undefined variable $title', 'C:\\xampp\\htdocs\\empmgmt\\app\\Views\\layouts\\default.php', 9)
 2 SYSTEMPATH\View\View.php(224): include('C:\\xampp\\htdocs\\empmgmt\\app\\Views\\layouts\\default.php')
 3 SYSTEMPATH\View\View.php(227): CodeIgniter\View\View->CodeIgniter\View\{closure}()
 4 SYSTEMPATH\View\View.php(240): CodeIgniter\View\View->render('layouts/default', [], true)
 5 SYSTEMPATH\Common.php(1173): CodeIgniter\View\View->render('rms/rms_view_emp_profile', [], true)
 6 APPPATH\Controllers\RmsController.php(567): view('rms/rms_view_emp_profile', [...])
 7 SYSTEMPATH\CodeIgniter.php(933): App\Controllers\RmsController->emp_profile_view('142')
 8 SYSTEMPATH\CodeIgniter.php(507): CodeIgniter\CodeIgniter->runController(Object(App\Controllers\RmsController))
 9 SYSTEMPATH\CodeIgniter.php(354): CodeIgniter\CodeIgniter->handleRequest(null, Object(Config\Cache), false)
10 SYSTEMPATH\Boot.php(334): CodeIgniter\CodeIgniter->run()
11 SYSTEMPATH\Boot.php(67): CodeIgniter\Boot::runCodeIgniter(Object(CodeIgniter\CodeIgniter))
12 FCPATH\index.php(59): CodeIgniter\Boot::bootWeb(Object(Config\Paths))
DEBUG - 2025-08-21 07:18:42 --> Session: Class initialized using 'CodeIgniter\Session\Handlers\FileHandler' driver.
DEBUG - 2025-08-21 07:19:03 --> Session: Class initialized using 'CodeIgniter\Session\Handlers\FileHandler' driver.
DEBUG - 2025-08-21 07:20:11 --> Session: Class initialized using 'CodeIgniter\Session\Handlers\FileHandler' driver.
DEBUG - 2025-08-21 07:20:56 --> Session: Class initialized using 'CodeIgniter\Session\Handlers\FileHandler' driver.
DEBUG - 2025-08-21 07:21:26 --> Session: Class initialized using 'CodeIgniter\Session\Handlers\FileHandler' driver.
DEBUG - 2025-08-21 07:21:45 --> Session: Class initialized using 'CodeIgniter\Session\Handlers\FileHandler' driver.
DEBUG - 2025-08-21 07:22:08 --> Session: Class initialized using 'CodeIgniter\Session\Handlers\FileHandler' driver.
DEBUG - 2025-08-21 07:22:23 --> Session: Class initialized using 'CodeIgniter\Session\Handlers\FileHandler' driver.
DEBUG - 2025-08-21 07:22:39 --> Session: Class initialized using 'CodeIgniter\Session\Handlers\FileHandler' driver.
DEBUG - 2025-08-21 07:22:53 --> Session: Class initialized using 'CodeIgniter\Session\Handlers\FileHandler' driver.
DEBUG - 2025-08-21 07:22:54 --> Session: Class initialized using 'CodeIgniter\Session\Handlers\FileHandler' driver.
DEBUG - 2025-08-21 07:22:57 --> Session: Class initialized using 'CodeIgniter\Session\Handlers\FileHandler' driver.
ERROR - 2025-08-21 09:16:45 --> ErrorException: pg_query(): Query failed: ERROR:  relation &quot;emergency_contacts&quot; does not exist
LINE 2: FROM &quot;emergency_contacts&quot;
             ^ in C:\xampp\htdocs\empmgmt\system\Database\Postgre\Connection.php:206
Stack trace:
#0 [internal function]: CodeIgniter\Debug\Exceptions->errorHandler(2, 'pg_query(): Que...', 'C:\\xampp\\htdocs...', 206)
#1 C:\xampp\htdocs\empmgmt\system\Database\Postgre\Connection.php(206): pg_query(Object(PgSql\Connection), 'SELECT *\nFROM "...')
#2 C:\xampp\htdocs\empmgmt\system\Database\BaseConnection.php(738): CodeIgniter\Database\Postgre\Connection->execute('SELECT *\nFROM "...')
#3 C:\xampp\htdocs\empmgmt\system\Database\BaseConnection.php(652): CodeIgniter\Database\BaseConnection->simpleQuery('SELECT *\nFROM "...')
#4 C:\xampp\htdocs\empmgmt\system\Database\BaseBuilder.php(1649): CodeIgniter\Database\BaseConnection->query('SELECT *\nFROM "...', Array, false)
#5 C:\xampp\htdocs\empmgmt\app\Models\PersonalModel.php(299): CodeIgniter\Database\BaseBuilder->get()
#6 C:\xampp\htdocs\empmgmt\app\Controllers\RmsController.php(566): App\Models\PersonalModel->getEmergencyDetails('143')
#7 C:\xampp\htdocs\empmgmt\system\CodeIgniter.php(933): App\Controllers\RmsController->emp_profile_view('143')
#8 C:\xampp\htdocs\empmgmt\system\CodeIgniter.php(507): CodeIgniter\CodeIgniter->runController(Object(App\Controllers\RmsController))
#9 C:\xampp\htdocs\empmgmt\system\CodeIgniter.php(354): CodeIgniter\CodeIgniter->handleRequest(NULL, Object(Config\Cache), false)
#10 C:\xampp\htdocs\empmgmt\system\Boot.php(334): CodeIgniter\CodeIgniter->run()
#11 C:\xampp\htdocs\empmgmt\system\Boot.php(67): CodeIgniter\Boot::runCodeIgniter(Object(CodeIgniter\CodeIgniter))
#12 C:\xampp\htdocs\empmgmt\index.php(59): CodeIgniter\Boot::bootWeb(Object(Config\Paths))
#13 {main}
CRITICAL - 2025-08-21 09:16:45 --> CodeIgniter\Database\Exceptions\DatabaseException: pg_query(): Query failed: ERROR:  relation &quot;emergency_contacts&quot; does not exist
LINE 2: FROM &quot;emergency_contacts&quot;
             ^
[Method: GET, Route: employee/profile/143]
in SYSTEMPATH\Database\BaseConnection.php on line 692.
 1 SYSTEMPATH\Database\BaseBuilder.php(1649): CodeIgniter\Database\BaseConnection->query('SELECT *
FROM "emergency_contacts"
WHERE "personal_info_id" = :personal_info_id:', [...], false)
 2 APPPATH\Models\PersonalModel.php(299): CodeIgniter\Database\BaseBuilder->get()
 3 APPPATH\Controllers\RmsController.php(566): App\Models\PersonalModel->getEmergencyDetails('143')
 4 SYSTEMPATH\CodeIgniter.php(933): App\Controllers\RmsController->emp_profile_view('143')
 5 SYSTEMPATH\CodeIgniter.php(507): CodeIgniter\CodeIgniter->runController(Object(App\Controllers\RmsController))
 6 SYSTEMPATH\CodeIgniter.php(354): CodeIgniter\CodeIgniter->handleRequest(null, Object(Config\Cache), false)
 7 SYSTEMPATH\Boot.php(334): CodeIgniter\CodeIgniter->run()
 8 SYSTEMPATH\Boot.php(67): CodeIgniter\Boot::runCodeIgniter(Object(CodeIgniter\CodeIgniter))
 9 FCPATH\index.php(59): CodeIgniter\Boot::bootWeb(Object(Config\Paths))
CRITICAL - 2025-08-21 09:16:45 --> [Caused by] CodeIgniter\Database\Exceptions\DatabaseException: pg_query(): Query failed: ERROR:  relation &quot;emergency_contacts&quot; does not exist
LINE 2: FROM &quot;emergency_contacts&quot;
             ^
in SYSTEMPATH\Database\Postgre\Connection.php on line 211.
 1 SYSTEMPATH\Database\BaseConnection.php(738): CodeIgniter\Database\Postgre\Connection->execute('SELECT *
FROM "emergency_contacts"
WHERE "personal_info_id" = \'143\'')
 2 SYSTEMPATH\Database\BaseConnection.php(652): CodeIgniter\Database\BaseConnection->simpleQuery('SELECT *
FROM "emergency_contacts"
WHERE "personal_info_id" = \'143\'')
 3 SYSTEMPATH\Database\BaseBuilder.php(1649): CodeIgniter\Database\BaseConnection->query('SELECT *
FROM "emergency_contacts"
WHERE "personal_info_id" = :personal_info_id:', [...], false)
 4 APPPATH\Models\PersonalModel.php(299): CodeIgniter\Database\BaseBuilder->get()
 5 APPPATH\Controllers\RmsController.php(566): App\Models\PersonalModel->getEmergencyDetails('143')
 6 SYSTEMPATH\CodeIgniter.php(933): App\Controllers\RmsController->emp_profile_view('143')
 7 SYSTEMPATH\CodeIgniter.php(507): CodeIgniter\CodeIgniter->runController(Object(App\Controllers\RmsController))
 8 SYSTEMPATH\CodeIgniter.php(354): CodeIgniter\CodeIgniter->handleRequest(null, Object(Config\Cache), false)
 9 SYSTEMPATH\Boot.php(334): CodeIgniter\CodeIgniter->run()
10 SYSTEMPATH\Boot.php(67): CodeIgniter\Boot::runCodeIgniter(Object(CodeIgniter\CodeIgniter))
11 FCPATH\index.php(59): CodeIgniter\Boot::bootWeb(Object(Config\Paths))
CRITICAL - 2025-08-21 09:16:45 --> [Caused by] ErrorException: pg_query(): Query failed: ERROR:  relation &quot;emergency_contacts&quot; does not exist
LINE 2: FROM &quot;emergency_contacts&quot;
             ^
in SYSTEMPATH\Database\Postgre\Connection.php on line 206.
 1 [internal function]: CodeIgniter\Debug\Exceptions->errorHandler(2, 'pg_query(): Query failed: ERROR:  relation &quot;emergency_contacts&quot; does not exist
LINE 2: FROM &quot;emergency_contacts&quot;
             ^', 'C:\\xampp\\htdocs\\empmgmt\\system\\Database\\Postgre\\Connection.php', 206)
 2 SYSTEMPATH\Database\Postgre\Connection.php(206): pg_query(Object(PgSql\Connection), 'SELECT *
FROM "emergency_contacts"
WHERE "personal_info_id" = \'143\'')
 3 SYSTEMPATH\Database\BaseConnection.php(738): CodeIgniter\Database\Postgre\Connection->execute('SELECT *
FROM "emergency_contacts"
WHERE "personal_info_id" = \'143\'')
 4 SYSTEMPATH\Database\BaseConnection.php(652): CodeIgniter\Database\BaseConnection->simpleQuery('SELECT *
FROM "emergency_contacts"
WHERE "personal_info_id" = \'143\'')
 5 SYSTEMPATH\Database\BaseBuilder.php(1649): CodeIgniter\Database\BaseConnection->query('SELECT *
FROM "emergency_contacts"
WHERE "personal_info_id" = :personal_info_id:', [...], false)
 6 APPPATH\Models\PersonalModel.php(299): CodeIgniter\Database\BaseBuilder->get()
 7 APPPATH\Controllers\RmsController.php(566): App\Models\PersonalModel->getEmergencyDetails('143')
 8 SYSTEMPATH\CodeIgniter.php(933): App\Controllers\RmsController->emp_profile_view('143')
 9 SYSTEMPATH\CodeIgniter.php(507): CodeIgniter\CodeIgniter->runController(Object(App\Controllers\RmsController))
10 SYSTEMPATH\CodeIgniter.php(354): CodeIgniter\CodeIgniter->handleRequest(null, Object(Config\Cache), false)
11 SYSTEMPATH\Boot.php(334): CodeIgniter\CodeIgniter->run()
12 SYSTEMPATH\Boot.php(67): CodeIgniter\Boot::runCodeIgniter(Object(CodeIgniter\CodeIgniter))
13 FCPATH\index.php(59): CodeIgniter\Boot::bootWeb(Object(Config\Paths))
CRITICAL - 2025-08-21 09:38:45 --> ErrorException: Undefined array key "qualification_type"
[Method: GET, Route: employee/profile/142]
in APPPATH\Models\PersonalModel.php on line 315.
 1 APPPATH\Models\PersonalModel.php(315): CodeIgniter\Debug\Exceptions->errorHandler(2, 'Undefined array key "qualification_type"', 'C:\\xampp\\htdocs\\empmgmt\\app\\Models\\PersonalModel.php', 315)
 2 APPPATH\Controllers\RmsController.php(573): App\Models\PersonalModel->getQualificationDetails('142')
 3 SYSTEMPATH\CodeIgniter.php(933): App\Controllers\RmsController->emp_profile_view('142')
 4 SYSTEMPATH\CodeIgniter.php(507): CodeIgniter\CodeIgniter->runController(Object(App\Controllers\RmsController))
 5 SYSTEMPATH\CodeIgniter.php(354): CodeIgniter\CodeIgniter->handleRequest(null, Object(Config\Cache), false)
 6 SYSTEMPATH\Boot.php(334): CodeIgniter\CodeIgniter->run()
 7 SYSTEMPATH\Boot.php(67): CodeIgniter\Boot::runCodeIgniter(Object(CodeIgniter\CodeIgniter))
 8 FCPATH\index.php(59): CodeIgniter\Boot::bootWeb(Object(Config\Paths))
CRITICAL - 2025-08-21 09:43:55 --> ErrorException: Undefined variable $qualifications
[Method: GET, Route: employee/profile/142]
in APPPATH\Models\PersonalModel.php on line 324.
 1 APPPATH\Models\PersonalModel.php(324): CodeIgniter\Debug\Exceptions->errorHandler(2, 'Undefined variable $qualifications', 'C:\\xampp\\htdocs\\empmgmt\\app\\Models\\PersonalModel.php', 324)
 2 APPPATH\Controllers\RmsController.php(573): App\Models\PersonalModel->getQualificationDetails('142')
 3 SYSTEMPATH\CodeIgniter.php(933): App\Controllers\RmsController->emp_profile_view('142')
 4 SYSTEMPATH\CodeIgniter.php(507): CodeIgniter\CodeIgniter->runController(Object(App\Controllers\RmsController))
 5 SYSTEMPATH\CodeIgniter.php(354): CodeIgniter\CodeIgniter->handleRequest(null, Object(Config\Cache), false)
 6 SYSTEMPATH\Boot.php(334): CodeIgniter\CodeIgniter->run()
 7 SYSTEMPATH\Boot.php(67): CodeIgniter\Boot::runCodeIgniter(Object(CodeIgniter\CodeIgniter))
 8 FCPATH\index.php(59): CodeIgniter\Boot::bootWeb(Object(Config\Paths))
DEBUG - 2025-08-21 09:47:26 --> Session: Class initialized using 'CodeIgniter\Session\Handlers\FileHandler' driver.
DEBUG - 2025-08-21 09:47:31 --> Session: Class initialized using 'CodeIgniter\Session\Handlers\FileHandler' driver.
DEBUG - 2025-08-21 09:49:08 --> Session: Class initialized using 'CodeIgniter\Session\Handlers\FileHandler' driver.
DEBUG - 2025-08-21 09:49:47 --> Session: Class initialized using 'CodeIgniter\Session\Handlers\FileHandler' driver.
DEBUG - 2025-08-21 09:51:30 --> Session: Class initialized using 'CodeIgniter\Session\Handlers\FileHandler' driver.
DEBUG - 2025-08-21 09:52:13 --> Session: Class initialized using 'CodeIgniter\Session\Handlers\FileHandler' driver.
DEBUG - 2025-08-21 09:53:08 --> Session: Class initialized using 'CodeIgniter\Session\Handlers\FileHandler' driver.
DEBUG - 2025-08-21 09:54:11 --> Session: Class initialized using 'CodeIgniter\Session\Handlers\FileHandler' driver.
DEBUG - 2025-08-21 09:54:39 --> Session: Class initialized using 'CodeIgniter\Session\Handlers\FileHandler' driver.
DEBUG - 2025-08-21 09:54:56 --> Session: Class initialized using 'CodeIgniter\Session\Handlers\FileHandler' driver.
DEBUG - 2025-08-21 09:55:24 --> Session: Class initialized using 'CodeIgniter\Session\Handlers\FileHandler' driver.
DEBUG - 2025-08-21 09:55:37 --> Session: Class initialized using 'CodeIgniter\Session\Handlers\FileHandler' driver.
DEBUG - 2025-08-21 09:55:37 --> Session: Class initialized using 'CodeIgniter\Session\Handlers\FileHandler' driver.
DEBUG - 2025-08-21 11:05:52 --> Session: Class initialized using 'CodeIgniter\Session\Handlers\FileHandler' driver.
